2026-02-06 12:24:17:2417 [31merror[39m: [31msecret or public key must be provided[39m
2026-02-06 12:24:17:2417 [31merror[39m: [31mInvalid token[39m
2026-02-06 12:24:17:2417 [31merror[39m: [31msecret or public key must be provided[39m
2026-02-06 12:24:17:2417 [31merror[39m: [31mInvalid token[39m
2026-02-06 12:24:17:2417 [31merror[39m: [31msecret or public key must be provided[39m
2026-02-06 12:24:17:2417 [31merror[39m: [31mInvalid token[39m
2026-02-06 12:24:17:2417 [31merror[39m: [31msecret or public key must be provided[39m
2026-02-06 12:24:17:2417 [31merror[39m: [31mInvalid token[39m
2026-02-06 12:24:17:2417 [31merror[39m: [31msecret or public key must be provided[39m
2026-02-06 12:24:17:2417 [31merror[39m: [31mInvalid token[39m
2026-02-06 12:24:17:2417 [31merror[39m: [31msecret or public key must be provided[39m
2026-02-06 12:24:17:2417 [31merror[39m: [31mInvalid token[39m
2026-02-06 12:24:17:2417 [31merror[39m: [31mjwt malformed[39m
2026-02-06 12:24:17:2417 [31merror[39m: [31mInvalid token[39m
2026-02-06 12:24:17:2417 [31merror[39m: [31msecret or public key must be provided[39m
2026-02-06 12:24:17:2417 [31merror[39m: [31mInvalid token[39m
2026-02-06 12:24:17:2417 [31merror[39m: [31msecret or public key must be provided[39m
2026-02-06 12:24:17:2417 [31merror[39m: [31mInvalid token[39m
2026-02-06 12:24:17:2417 [31merror[39m: [31msecret or public key must be provided[39m
2026-02-06 12:24:17:2417 [31merror[39m: [31mInvalid token[39m
2026-02-06 12:24:17:2417 [31merror[39m: [31msecret or public key must be provided[39m
2026-02-06 12:24:17:2417 [31merror[39m: [31mInvalid token[39m
2026-02-06 12:24:17:2417 [31merror[39m: [31msecret or public key must be provided[39m
2026-02-06 12:24:17:2417 [31merror[39m: [31mInvalid token[39m
2026-02-06 12:24:17:2417 [31merror[39m: [31msecret or public key must be provided[39m
2026-02-06 12:24:17:2417 [31merror[39m: [31mInvalid token[39m
2026-02-06 12:24:17:2417 [31merror[39m: [31mjwt malformed[39m
2026-02-06 12:24:17:2417 [31merror[39m: [31mInvalid token[39m
2026-02-06 12:24:18:2418 [31merror[39m: [31msecret or public key must be provided[39m
2026-02-06 12:24:18:2418 [31merror[39m: [31mInvalid token[39m
2026-02-06 12:24:18:2418 [31merror[39m: [31mjwt malformed[39m
2026-02-06 12:24:18:2418 [31merror[39m: [31mInvalid token[39m
2026-02-06 12:35:49:3549 [31merror[39m: [31msecret or public key must be provided[39m
2026-02-06 12:35:49:3549 [31merror[39m: [31mInvalid token[39m
2026-02-06 12:35:49:3549 [31merror[39m: [31msecret or public key must be provided[39m
2026-02-06 12:35:49:3549 [31merror[39m: [31mInvalid token[39m
2026-02-06 12:35:49:3549 [31merror[39m: [31msecret or public key must be provided[39m
2026-02-06 12:35:49:3549 [31merror[39m: [31mInvalid token[39m
2026-02-06 12:35:49:3549 [31merror[39m: [31msecret or public key must be provided[39m
2026-02-06 12:35:49:3549 [31merror[39m: [31mInvalid token[39m
2026-02-06 12:35:50:3550 [31merror[39m: [31msecret or public key must be provided[39m
2026-02-06 12:35:50:3550 [31merror[39m: [31mInvalid token[39m
2026-02-06 12:35:50:3550 [31merror[39m: [31msecret or public key must be provided[39m
2026-02-06 12:35:50:3550 [31merror[39m: [31mInvalid token[39m
2026-02-06 12:35:50:3550 [31merror[39m: [31msecret or public key must be provided[39m
2026-02-06 12:35:50:3550 [31merror[39m: [31mInvalid token[39m
2026-02-06 12:35:50:3550 [31merror[39m: [31msecret or public key must be provided[39m
2026-02-06 12:35:50:3550 [31merror[39m: [31mInvalid token[39m
2026-02-06 12:35:50:3550 [31merror[39m: [31msecret or public key must be provided[39m
2026-02-06 12:35:50:3550 [31merror[39m: [31mInvalid token[39m
2026-02-06 12:35:50:3550 [31merror[39m: [31msecret or public key must be provided[39m
2026-02-06 12:35:50:3550 [31merror[39m: [31mInvalid token[39m
2026-02-06 12:35:50:3550 [31merror[39m: [31mjwt malformed[39m
2026-02-06 12:35:50:3550 [31merror[39m: [31mInvalid token[39m
2026-02-06 12:35:51:3551 [31merror[39m: [31msecret or public key must be provided[39m
2026-02-06 12:35:51:3551 [31merror[39m: [31mInvalid token[39m
2026-02-06 12:35:51:3551 [31merror[39m: [31msecret or public key must be provided[39m
2026-02-06 12:35:51:3551 [31merror[39m: [31mInvalid token[39m
2026-02-06 12:35:51:3551 [31merror[39m: [31msecret or public key must be provided[39m
2026-02-06 12:35:51:3551 [31merror[39m: [31mInvalid token[39m
2026-02-06 12:35:51:3551 [31merror[39m: [31msecret or public key must be provided[39m
2026-02-06 12:35:51:3551 [31merror[39m: [31mInvalid token[39m
2026-02-06 12:35:51:3551 [31merror[39m: [31msecret or public key must be provided[39m
2026-02-06 12:35:51:3551 [31merror[39m: [31mInvalid token[39m
2026-02-06 12:35:51:3551 [31merror[39m: [31msecret or public key must be provided[39m
2026-02-06 12:35:51:3551 [31merror[39m: [31mInvalid token[39m
2026-02-06 12:35:51:3551 [31merror[39m: [31mjwt malformed[39m
2026-02-06 12:35:51:3551 [31merror[39m: [31mInvalid token[39m
2026-02-06 12:35:51:3551 [31merror[39m: [31msecret or public key must be provided[39m
2026-02-06 12:35:51:3551 [31merror[39m: [31mInvalid token[39m
2026-02-06 12:35:51:3551 [31merror[39m: [31mjwt malformed[39m
2026-02-06 12:35:51:3551 [31merror[39m: [31mInvalid token[39m
2026-02-06 12:37:48:3748 [31merror[39m: [31msecret or public key must be provided[39m
2026-02-06 12:37:48:3748 [31merror[39m: [31mInvalid token[39m
2026-02-06 12:37:48:3748 [31merror[39m: [31msecret or public key must be provided[39m
2026-02-06 12:37:48:3748 [31merror[39m: [31mInvalid token[39m
2026-02-06 12:37:48:3748 [31merror[39m: [31msecret or public key must be provided[39m
2026-02-06 12:37:48:3748 [31merror[39m: [31mInvalid token[39m
2026-02-06 12:37:49:3749 [31merror[39m: [31msecret or public key must be provided[39m
2026-02-06 12:37:49:3749 [31merror[39m: [31mInvalid token[39m
2026-02-06 12:37:49:3749 [31merror[39m: [31msecret or public key must be provided[39m
2026-02-06 12:37:49:3749 [31merror[39m: [31mInvalid token[39m
2026-02-06 12:37:49:3749 [31merror[39m: [31msecret or public key must be provided[39m
2026-02-06 12:37:49:3749 [31merror[39m: [31mInvalid token[39m
2026-02-06 12:37:49:3749 [31merror[39m: [31msecret or public key must be provided[39m
2026-02-06 12:37:49:3749 [31merror[39m: [31mInvalid token[39m
2026-02-06 12:37:49:3749 [31merror[39m: [31msecret or public key must be provided[39m
2026-02-06 12:37:49:3749 [31merror[39m: [31mInvalid token[39m
2026-02-06 12:37:49:3749 [31merror[39m: [31mjwt malformed[39m
2026-02-06 12:37:49:3749 [31merror[39m: [31mInvalid token[39m
2026-02-06 12:37:49:3749 [31merror[39m: [31msecret or public key must be provided[39m
2026-02-06 12:37:49:3749 [31merror[39m: [31mInvalid token[39m
2026-02-06 12:37:49:3749 [31merror[39m: [31msecret or public key must be provided[39m
2026-02-06 12:37:49:3749 [31merror[39m: [31mInvalid token[39m
2026-02-06 12:37:50:3750 [31merror[39m: [31msecret or public key must be provided[39m
2026-02-06 12:37:50:3750 [31merror[39m: [31mInvalid token[39m
2026-02-06 12:37:50:3750 [31merror[39m: [31msecret or public key must be provided[39m
2026-02-06 12:37:50:3750 [31merror[39m: [31mInvalid token[39m
2026-02-06 12:37:50:3750 [31merror[39m: [31msecret or public key must be provided[39m
2026-02-06 12:37:50:3750 [31merror[39m: [31mInvalid token[39m
2026-02-06 12:37:50:3750 [31merror[39m: [31msecret or public key must be provided[39m
2026-02-06 12:37:50:3750 [31merror[39m: [31mInvalid token[39m
2026-02-06 12:37:50:3750 [31merror[39m: [31mjwt malformed[39m
2026-02-06 12:37:50:3750 [31merror[39m: [31mInvalid token[39m
2026-02-06 14:37:52:3752 [31merror[39m: [31msecret or public key must be provided[39m
2026-02-06 14:37:52:3752 [31merror[39m: [31mInvalid token[39m
2026-02-06 14:37:52:3752 [31merror[39m: [31msecret or public key must be provided[39m
2026-02-06 14:37:52:3752 [31merror[39m: [31mInvalid token[39m
2026-02-06 14:37:53:3753 [31merror[39m: [31msecret or public key must be provided[39m
2026-02-06 14:37:53:3753 [31merror[39m: [31mInvalid token[39m
2026-02-06 14:37:53:3753 [31merror[39m: [31msecret or public key must be provided[39m
2026-02-06 14:37:53:3753 [31merror[39m: [31mInvalid token[39m
2026-02-06 14:37:53:3753 [31merror[39m: [31msecret or public key must be provided[39m
2026-02-06 14:37:53:3753 [31merror[39m: [31mInvalid token[39m
2026-02-06 14:37:53:3753 [31merror[39m: [31msecret or public key must be provided[39m
2026-02-06 14:37:53:3753 [31merror[39m: [31mInvalid token[39m
2026-02-06 14:37:53:3753 [31merror[39m: [31msecret or public key must be provided[39m
2026-02-06 14:37:53:3753 [31merror[39m: [31mInvalid token[39m
2026-02-06 14:37:53:3753 [31merror[39m: [31msecret or public key must be provided[39m
2026-02-06 14:37:53:3753 [31merror[39m: [31mInvalid token[39m
2026-02-06 14:37:53:3753 [31merror[39m: [31mjwt malformed[39m
2026-02-06 14:37:53:3753 [31merror[39m: [31mInvalid token[39m
2026-02-06 14:37:54:3754 [31merror[39m: [31msecret or public key must be provided[39m
2026-02-06 14:37:54:3754 [31merror[39m: [31mInvalid token[39m
2026-02-06 14:37:54:3754 [31merror[39m: [31msecret or public key must be provided[39m
2026-02-06 14:37:54:3754 [31merror[39m: [31mInvalid token[39m
2026-02-06 14:37:54:3754 [31merror[39m: [31msecret or public key must be provided[39m
2026-02-06 14:37:54:3754 [31merror[39m: [31mInvalid token[39m
2026-02-06 14:37:54:3754 [31merror[39m: [31msecret or public key must be provided[39m
2026-02-06 14:37:54:3754 [31merror[39m: [31mInvalid token[39m
2026-02-06 14:37:54:3754 [31merror[39m: [31msecret or public key must be provided[39m
2026-02-06 14:37:54:3754 [31merror[39m: [31mInvalid token[39m
2026-02-06 14:37:54:3754 [31merror[39m: [31msecret or public key must be provided[39m
2026-02-06 14:37:54:3754 [31merror[39m: [31mInvalid token[39m
2026-02-06 14:37:54:3754 [31merror[39m: [31mjwt malformed[39m
2026-02-06 14:37:54:3754 [31merror[39m: [31mInvalid token[39m
2026-02-06 14:39:05:395 [31merror[39m: [31msecret or public key must be provided[39m
2026-02-06 14:39:05:395 [31merror[39m: [31mInvalid token[39m
2026-02-06 14:39:05:395 [31merror[39m: [31msecret or public key must be provided[39m
2026-02-06 14:39:05:395 [31merror[39m: [31mInvalid token[39m
2026-02-06 14:39:07:397 [31merror[39m: [31msecret or public key must be provided[39m
2026-02-06 14:39:07:397 [31merror[39m: [31mInvalid token[39m
2026-02-06 14:39:07:397 [31merror[39m: [31msecret or public key must be provided[39m
2026-02-06 14:39:07:397 [31merror[39m: [31mInvalid token[39m
2026-02-06 14:39:07:397 [31merror[39m: [31msecret or public key must be provided[39m
2026-02-06 14:39:07:397 [31merror[39m: [31mInvalid token[39m
2026-02-06 14:39:07:397 [31merror[39m: [31msecret or public key must be provided[39m
2026-02-06 14:39:07:397 [31merror[39m: [31mInvalid token[39m
2026-02-06 14:39:07:397 [31merror[39m: [31msecret or public key must be provided[39m
2026-02-06 14:39:07:397 [31merror[39m: [31mInvalid token[39m
2026-02-06 14:39:07:397 [31merror[39m: [31msecret or public key must be provided[39m
2026-02-06 14:39:07:397 [31merror[39m: [31mInvalid token[39m
2026-02-06 14:39:07:397 [31merror[39m: [31mjwt malformed[39m
2026-02-06 14:39:07:397 [31merror[39m: [31mInvalid token[39m
2026-02-06 14:39:08:398 [31merror[39m: [31msecret or public key must be provided[39m
2026-02-06 14:39:08:398 [31merror[39m: [31mInvalid token[39m
2026-02-06 14:39:08:398 [31merror[39m: [31msecret or public key must be provided[39m
2026-02-06 14:39:08:398 [31merror[39m: [31mInvalid token[39m
2026-02-06 14:39:08:398 [31merror[39m: [31msecret or public key must be provided[39m
2026-02-06 14:39:08:398 [31merror[39m: [31mInvalid token[39m
2026-02-06 14:39:08:398 [31merror[39m: [31msecret or public key must be provided[39m
2026-02-06 14:39:08:398 [31merror[39m: [31mInvalid token[39m
2026-02-06 14:39:08:398 [31merror[39m: [31msecret or public key must be provided[39m
2026-02-06 14:39:08:398 [31merror[39m: [31mInvalid token[39m
2026-02-06 14:39:08:398 [31merror[39m: [31msecret or public key must be provided[39m
2026-02-06 14:39:08:398 [31merror[39m: [31mInvalid token[39m
2026-02-06 14:39:08:398 [31merror[39m: [31mjwt malformed[39m
2026-02-06 14:39:08:398 [31merror[39m: [31mInvalid token[39m
2026-02-06 14:48:43:4843 [31merror[39m: [31msecret or public key must be provided[39m
2026-02-06 14:48:44:4844 [31merror[39m: [31mInvalid token[39m
2026-02-06 14:48:44:4844 [31merror[39m: [31msecret or public key must be provided[39m
2026-02-06 14:48:44:4844 [31merror[39m: [31mInvalid token[39m
2026-02-06 14:48:46:4846 [31merror[39m: [31msecret or public key must be provided[39m
2026-02-06 14:48:46:4846 [31merror[39m: [31mInvalid token[39m
2026-02-06 14:48:46:4846 [31merror[39m: [31msecret or public key must be provided[39m
2026-02-06 14:48:46:4846 [31merror[39m: [31mInvalid token[39m
2026-02-06 14:48:46:4846 [31merror[39m: [31msecret or public key must be provided[39m
2026-02-06 14:48:46:4846 [31merror[39m: [31mInvalid token[39m
2026-02-06 14:48:46:4846 [31merror[39m: [31msecret or public key must be provided[39m
2026-02-06 14:48:46:4846 [31merror[39m: [31mInvalid token[39m
2026-02-06 14:48:46:4846 [31merror[39m: [31msecret or public key must be provided[39m
2026-02-06 14:48:46:4846 [31merror[39m: [31mInvalid token[39m
2026-02-06 14:48:46:4846 [31merror[39m: [31msecret or public key must be provided[39m
2026-02-06 14:48:46:4846 [31merror[39m: [31mInvalid token[39m
2026-02-06 14:48:46:4846 [31merror[39m: [31mjwt malformed[39m
2026-02-06 14:48:46:4846 [31merror[39m: [31mInvalid token[39m
2026-02-06 14:48:46:4846 [31merror[39m: [31msecret or public key must be provided[39m
2026-02-06 14:48:46:4846 [31merror[39m: [31mInvalid token[39m
2026-02-06 14:48:46:4846 [31merror[39m: [31msecret or public key must be provided[39m
2026-02-06 14:48:46:4846 [31merror[39m: [31mInvalid token[39m
2026-02-06 14:48:47:4847 [31merror[39m: [31msecret or public key must be provided[39m
2026-02-06 14:48:47:4847 [31merror[39m: [31mInvalid token[39m
2026-02-06 14:48:47:4847 [31merror[39m: [31msecret or public key must be provided[39m
2026-02-06 14:48:47:4847 [31merror[39m: [31mInvalid token[39m
2026-02-06 14:48:47:4847 [31merror[39m: [31msecret or public key must be provided[39m
2026-02-06 14:48:47:4847 [31merror[39m: [31mInvalid token[39m
2026-02-06 14:48:47:4847 [31merror[39m: [31msecret or public key must be provided[39m
2026-02-06 14:48:47:4847 [31merror[39m: [31mInvalid token[39m
2026-02-06 14:48:47:4847 [31merror[39m: [31mjwt malformed[39m
2026-02-06 14:48:47:4847 [31merror[39m: [31mInvalid token[39m
2026-02-06 15:13:20:1320 [31merror[39m: [31msecret or public key must be provided[39m
2026-02-06 15:13:20:1320 [31merror[39m: [31mInvalid token[39m
2026-02-06 15:13:20:1320 [31merror[39m: [31msecret or public key must be provided[39m
2026-02-06 15:13:20:1320 [31merror[39m: [31mInvalid token[39m
2026-02-06 15:13:21:1321 [31merror[39m: [31msecret or public key must be provided[39m
2026-02-06 15:13:21:1321 [31merror[39m: [31mInvalid token[39m
2026-02-06 15:13:21:1321 [31merror[39m: [31msecret or public key must be provided[39m
2026-02-06 15:13:21:1321 [31merror[39m: [31mInvalid token[39m
2026-02-06 15:13:21:1321 [31merror[39m: [31msecret or public key must be provided[39m
2026-02-06 15:13:21:1321 [31merror[39m: [31mInvalid token[39m
2026-02-06 15:13:21:1321 [31merror[39m: [31msecret or public key must be provided[39m
2026-02-06 15:13:21:1321 [31merror[39m: [31mInvalid token[39m
2026-02-06 15:13:21:1321 [31merror[39m: [31msecret or public key must be provided[39m
2026-02-06 15:13:21:1321 [31merror[39m: [31mInvalid token[39m
2026-02-06 15:13:21:1321 [31merror[39m: [31msecret or public key must be provided[39m
2026-02-06 15:13:21:1321 [31merror[39m: [31mInvalid token[39m
2026-02-06 15:13:22:1322 [31merror[39m: [31mjwt malformed[39m
2026-02-06 15:13:22:1322 [31merror[39m: [31mInvalid token[39m
2026-02-06 15:13:22:1322 [31merror[39m: [31msecret or public key must be provided[39m
2026-02-06 15:13:22:1322 [31merror[39m: [31mInvalid token[39m
2026-02-06 15:13:22:1322 [31merror[39m: [31msecret or public key must be provided[39m
2026-02-06 15:13:22:1322 [31merror[39m: [31mInvalid token[39m
2026-02-06 15:13:22:1322 [31merror[39m: [31msecret or public key must be provided[39m
2026-02-06 15:13:22:1322 [31merror[39m: [31mInvalid token[39m
2026-02-06 15:13:22:1322 [31merror[39m: [31msecret or public key must be provided[39m
2026-02-06 15:13:22:1322 [31merror[39m: [31mInvalid token[39m
2026-02-06 15:13:22:1322 [31merror[39m: [31msecret or public key must be provided[39m
2026-02-06 15:13:22:1322 [31merror[39m: [31mInvalid token[39m
2026-02-06 15:13:22:1322 [31merror[39m: [31msecret or public key must be provided[39m
2026-02-06 15:13:22:1322 [31merror[39m: [31mInvalid token[39m
2026-02-06 15:13:22:1322 [31merror[39m: [31mjwt malformed[39m
2026-02-06 15:13:22:1322 [31merror[39m: [31mInvalid token[39m
2026-02-06 15:16:22:1622 [31merror[39m: [31mjwt malformed[39m
2026-02-06 15:16:22:1622 [31merror[39m: [31mInvalid token[39m
2026-02-06 15:16:22:1622 [31merror[39m: [31mjwt malformed[39m
2026-02-06 15:16:22:1622 [31merror[39m: [31mInvalid token[39m
2026-02-06 15:17:33:1733 [31merror[39m: [31mjwt malformed[39m
2026-02-06 15:17:33:1733 [31merror[39m: [31mInvalid token[39m
2026-02-06 15:17:34:1734 [31merror[39m: [31mjwt malformed[39m
2026-02-06 15:17:34:1734 [31merror[39m: [31mInvalid token[39m
2026-02-06 15:19:47:1947 [31merror[39m: [31mjwt malformed[39m
2026-02-06 15:19:47:1947 [31merror[39m: [31mInvalid token[39m
2026-02-06 15:19:48:1948 [31merror[39m: [31mjwt malformed[39m
2026-02-06 15:19:48:1948 [31merror[39m: [31mInvalid token[39m
2026-02-06 15:19:49:1949 [31merror[39m: [31mjwt malformed[39m
2026-02-06 15:19:49:1949 [31merror[39m: [31mInvalid token[39m
2026-02-06 15:24:37:2437 [31merror[39m: [31mjwt malformed[39m
2026-02-06 15:24:37:2437 [31merror[39m: [31mInvalid token[39m
2026-02-06 15:24:39:2439 [31merror[39m: [31mjwt malformed[39m
2026-02-06 15:24:39:2439 [31merror[39m: [31mInvalid token[39m
2026-02-06 15:24:39:2439 [31merror[39m: [31mjwt malformed[39m
2026-02-06 15:24:39:2439 [31merror[39m: [31mInvalid token[39m
2026-02-06 15:41:46:4146 [31merror[39m: [31mjwt malformed[39m
2026-02-06 15:41:46:4146 [31merror[39m: [31mInvalid token[39m
2026-02-06 15:41:47:4147 [31merror[39m: [31mjwt malformed[39m
2026-02-06 15:41:47:4147 [31merror[39m: [31mInvalid token[39m
2026-02-06 15:41:48:4148 [31merror[39m: [31mjwt malformed[39m
2026-02-06 15:41:48:4148 [31merror[39m: [31mInvalid token[39m
2026-02-06 15:41:49:4149 [31merror[39m: [31mjwt malformed[39m
2026-02-06 15:41:49:4149 [31merror[39m: [31mInvalid token[39m
2026-02-06 15:42:33:4233 [31merror[39m: [31mjwt malformed[39m
2026-02-06 15:42:33:4233 [31merror[39m: [31mInvalid token[39m
2026-02-06 15:42:33:4233 [31merror[39m: [31mjwt malformed[39m
2026-02-06 15:42:33:4233 [31merror[39m: [31mInvalid token[39m
2026-02-06 15:42:34:4234 [31merror[39m: [31mjwt malformed[39m
2026-02-06 15:42:34:4234 [31merror[39m: [31mInvalid token[39m
2026-02-06 15:42:35:4235 [31merror[39m: [31mjwt malformed[39m
2026-02-06 15:42:35:4235 [31merror[39m: [31mInvalid token[39m
2026-02-06 15:42:43:4243 [31merror[39m: [31mjwt malformed[39m
2026-02-06 15:42:43:4243 [31merror[39m: [31mInvalid token[39m
2026-02-06 15:42:44:4244 [31merror[39m: [31mjwt malformed[39m
2026-02-06 15:42:44:4244 [31merror[39m: [31mInvalid token[39m
2026-02-06 15:42:45:4245 [31merror[39m: [31mjwt malformed[39m
2026-02-06 15:42:45:4245 [31merror[39m: [31mInvalid token[39m
2026-02-06 15:47:37:4737 [31merror[39m: [31mjwt malformed[39m
2026-02-06 15:47:37:4737 [31merror[39m: [31mInvalid token[39m
2026-02-06 15:47:37:4737 [31merror[39m: [31mjwt malformed[39m
2026-02-06 15:47:37:4737 [31merror[39m: [31mInvalid token[39m
2026-02-06 15:47:38:4738 [31merror[39m: [31mjwt malformed[39m
2026-02-06 15:47:38:4738 [31merror[39m: [31mInvalid token[39m
2026-02-06 15:47:39:4739 [31merror[39m: [31mjwt malformed[39m
2026-02-06 15:47:39:4739 [31merror[39m: [31mInvalid token[39m
2026-02-06 15:47:47:4747 [31merror[39m: [31mjwt malformed[39m
2026-02-06 15:47:47:4747 [31merror[39m: [31mInvalid token[39m
2026-02-06 15:47:48:4748 [31merror[39m: [31mjwt malformed[39m
2026-02-06 15:47:48:4748 [31merror[39m: [31mInvalid token[39m
2026-02-07 10:24:41:2441 [31merror[39m: [31mjwt malformed[39m
2026-02-07 10:24:41:2441 [31merror[39m: [31mInvalid token[39m
2026-02-07 10:24:42:2442 [31merror[39m: [31mjwt malformed[39m
2026-02-07 10:24:42:2442 [31merror[39m: [31mInvalid token[39m
2026-02-07 10:24:42:2442 [31merror[39m: [31mjwt malformed[39m
2026-02-07 10:24:42:2442 [31merror[39m: [31mInvalid token[39m
2026-02-07 10:24:43:2443 [31merror[39m: [31mjwt malformed[39m
2026-02-07 10:24:43:2443 [31merror[39m: [31mInvalid token[39m
2026-02-07 10:24:52:2452 [31merror[39m: [31mjwt malformed[39m
2026-02-07 10:24:52:2452 [31merror[39m: [31mInvalid token[39m
2026-02-07 10:24:52:2452 [31merror[39m: [31mjwt malformed[39m
2026-02-07 10:24:52:2452 [31merror[39m: [31mInvalid token[39m
2026-02-07 10:24:53:2453 [31merror[39m: [31mjwt malformed[39m
2026-02-07 10:24:53:2453 [31merror[39m: [31mInvalid token[39m
2026-02-07 10:27:32:2732 [31merror[39m: [31mjwt malformed[39m
2026-02-07 10:27:32:2732 [31merror[39m: [31mInvalid token[39m
2026-02-07 10:27:33:2733 [31merror[39m: [31mjwt malformed[39m
2026-02-07 10:27:33:2733 [31merror[39m: [31mInvalid token[39m
2026-02-07 10:27:34:2734 [31merror[39m: [31mjwt malformed[39m
2026-02-07 10:27:34:2734 [31merror[39m: [31mInvalid token[39m
2026-02-07 10:32:32:3232 [31merror[39m: [31mjwt malformed[39m
2026-02-07 10:32:32:3232 [31merror[39m: [31mInvalid token[39m
2026-02-07 10:32:33:3233 [31merror[39m: [31mjwt malformed[39m
2026-02-07 10:32:33:3233 [31merror[39m: [31mInvalid token[39m
2026-02-07 10:32:33:3233 [31merror[39m: [31mjwt malformed[39m
2026-02-07 10:32:33:3233 [31merror[39m: [31mInvalid token[39m
2026-02-07 10:32:34:3234 [31merror[39m: [31mjwt malformed[39m
2026-02-07 10:32:34:3234 [31merror[39m: [31mInvalid token[39m
2026-02-07 10:32:44:3244 [31merror[39m: [31mjwt malformed[39m
2026-02-07 10:32:44:3244 [31merror[39m: [31mInvalid token[39m
2026-02-07 10:32:44:3244 [31merror[39m: [31mjwt malformed[39m
2026-02-07 10:32:44:3244 [31merror[39m: [31mInvalid token[39m
2026-02-07 10:32:45:3245 [31merror[39m: [31mjwt malformed[39m
2026-02-07 10:32:45:3245 [31merror[39m: [31mInvalid token[39m
2026-02-07 10:32:45:3245 [31merror[39m: [31mjwt malformed[39m
2026-02-07 10:32:45:3245 [31merror[39m: [31mInvalid token[39m
2026-02-07 14:02:04:24 [31merror[39m: [31mjwt expired[39m
2026-02-07 14:02:04:24 [31merror[39m: [31mInvalid token[39m
2026-02-07 14:02:04:24 [31merror[39m: [31mjwt expired[39m
2026-02-07 14:02:04:24 [31merror[39m: [31mInvalid token[39m
2026-02-07 14:02:06:26 [31merror[39m: [31mjwt expired[39m
2026-02-07 14:02:06:26 [31merror[39m: [31mInvalid token[39m
2026-02-07 14:02:07:27 [31merror[39m: [31mjwt expired[39m
2026-02-07 14:02:07:27 [31merror[39m: [31mInvalid token[39m
2026-02-07 14:02:09:29 [31merror[39m: [31mjwt expired[39m
2026-02-07 14:02:09:29 [31merror[39m: [31mInvalid token[39m
2026-02-07 14:02:13:213 [31merror[39m: [31mjwt expired[39m
2026-02-07 14:02:13:213 [31merror[39m: [31mInvalid token[39m
2026-02-08 10:09:31:931 [31merror[39m: [31mjwt expired[39m
2026-02-08 10:09:31:931 [31merror[39m: [31mInvalid token[39m
2026-02-08 10:09:32:932 [31merror[39m: [31mjwt expired[39m
2026-02-08 10:09:32:932 [31merror[39m: [31mInvalid token[39m
2026-02-08 10:09:32:932 [31merror[39m: [31mjwt expired[39m
2026-02-08 10:09:32:932 [31merror[39m: [31mInvalid token[39m
2026-02-08 10:09:33:933 [31merror[39m: [31mjwt expired[39m
2026-02-08 10:09:33:933 [31merror[39m: [31mInvalid token[39m
2026-02-08 10:09:34:934 [31merror[39m: [31mjwt expired[39m
2026-02-08 10:09:34:934 [31merror[39m: [31mInvalid token[39m
2026-02-08 10:09:36:936 [31merror[39m: [31mjwt expired[39m
2026-02-08 10:09:36:936 [31merror[39m: [31mInvalid token[39m
2026-02-08 10:09:40:940 [31merror[39m: [31mjwt expired[39m
2026-02-08 10:09:40:940 [31merror[39m: [31mInvalid token[39m
2026-02-08 12:06:34:634 [31merror[39m: [31mjwt malformed[39m
2026-02-08 12:06:35:635 [31merror[39m: [31mInvalid token[39m
2026-02-08 12:06:35:635 [31merror[39m: [31mjwt malformed[39m
2026-02-08 12:06:35:635 [31merror[39m: [31mInvalid token[39m
2026-02-08 12:06:36:636 [31merror[39m: [31mjwt malformed[39m
2026-02-08 12:06:36:636 [31merror[39m: [31mInvalid token[39m
2026-02-08 12:06:37:637 [31merror[39m: [31mjwt malformed[39m
2026-02-08 12:06:37:637 [31merror[39m: [31mInvalid token[39m
2026-02-08 12:09:50:950 [31merror[39m: [31mjwt malformed[39m
2026-02-08 12:09:50:950 [31merror[39m: [31mInvalid token[39m
2026-02-08 12:09:51:951 [31merror[39m: [31mjwt malformed[39m
2026-02-08 12:09:51:951 [31merror[39m: [31mInvalid token[39m
2026-02-08 12:09:52:952 [31merror[39m: [31mjwt malformed[39m
2026-02-08 12:09:52:952 [31merror[39m: [31mInvalid token[39m
2026-02-08 12:09:53:953 [31merror[39m: [31mjwt malformed[39m
2026-02-08 12:09:53:953 [31merror[39m: [31mInvalid token[39m
2026-02-08 12:14:35:1435 [31merror[39m: [31mjwt malformed[39m
2026-02-08 12:14:35:1435 [31merror[39m: [31mInvalid token[39m
2026-02-08 12:14:37:1437 [31merror[39m: [31mjwt malformed[39m
2026-02-08 12:14:37:1437 [31merror[39m: [31mInvalid token[39m
2026-02-08 12:14:37:1437 [31merror[39m: [31mjwt malformed[39m
2026-02-08 12:14:37:1437 [31merror[39m: [31mInvalid token[39m
2026-02-08 12:14:38:1438 [31merror[39m: [31mjwt malformed[39m
2026-02-08 12:14:38:1438 [31merror[39m: [31mInvalid token[39m
2026-02-08 12:17:22:1722 [31merror[39m: [31mjwt malformed[39m
2026-02-08 12:17:22:1722 [31merror[39m: [31mInvalid token[39m
2026-02-08 12:17:24:1724 [31merror[39m: [31mjwt malformed[39m
2026-02-08 12:17:24:1724 [31merror[39m: [31mInvalid token[39m
2026-02-08 12:17:25:1725 [31merror[39m: [31mjwt malformed[39m
2026-02-08 12:17:25:1725 [31merror[39m: [31mInvalid token[39m
2026-02-08 12:17:25:1725 [31merror[39m: [31mjwt malformed[39m
2026-02-08 12:17:25:1725 [31merror[39m: [31mInvalid token[39m
2026-02-08 12:50:20:5020 [31merror[39m: [31mjwt malformed[39m
2026-02-08 12:50:20:5020 [31merror[39m: [31mInvalid token[39m
2026-02-08 12:50:22:5022 [31merror[39m: [31mjwt malformed[39m
2026-02-08 12:50:22:5022 [31merror[39m: [31mInvalid token[39m
2026-02-08 12:50:23:5023 [31merror[39m: [31mjwt malformed[39m
2026-02-08 12:50:23:5023 [31merror[39m: [31mInvalid token[39m
2026-02-08 12:50:24:5024 [31merror[39m: [31mjwt malformed[39m
2026-02-08 12:50:24:5024 [31merror[39m: [31mInvalid token[39m
2026-02-08 12:51:48:5148 [31merror[39m: [31mjwt malformed[39m
2026-02-08 12:51:48:5148 [31merror[39m: [31mInvalid token[39m
2026-02-08 12:51:49:5149 [31merror[39m: [31mjwt malformed[39m
2026-02-08 12:51:49:5149 [31merror[39m: [31mInvalid token[39m
2026-02-08 12:51:50:5150 [31merror[39m: [31mjwt malformed[39m
2026-02-08 12:51:50:5150 [31merror[39m: [31mInvalid token[39m
2026-02-08 12:51:51:5151 [31merror[39m: [31mjwt malformed[39m
2026-02-08 12:51:51:5151 [31merror[39m: [31mInvalid token[39m
2026-02-08 12:54:36:5436 [31merror[39m: [31mjwt malformed[39m
2026-02-08 12:54:36:5436 [31merror[39m: [31mInvalid token[39m
2026-02-08 12:54:37:5437 [31merror[39m: [31mjwt malformed[39m
2026-02-08 12:54:37:5437 [31merror[39m: [31mInvalid token[39m
2026-02-08 12:54:38:5438 [31merror[39m: [31mjwt malformed[39m
2026-02-08 12:54:38:5438 [31merror[39m: [31mInvalid token[39m
2026-02-08 12:54:38:5438 [31merror[39m: [31mjwt malformed[39m
2026-02-08 12:54:38:5438 [31merror[39m: [31mInvalid token[39m
2026-02-08 14:18:21:1821 [31merror[39m: [31mjwt malformed[39m
2026-02-08 14:18:21:1821 [31merror[39m: [31mInvalid token[39m
2026-02-08 14:18:23:1823 [31merror[39m: [31mjwt malformed[39m
2026-02-08 14:18:23:1823 [31merror[39m: [31mInvalid token[39m
2026-02-08 14:18:23:1823 [31merror[39m: [31mjwt malformed[39m
2026-02-08 14:18:23:1823 [31merror[39m: [31mInvalid token[39m
2026-02-08 14:18:24:1824 [31merror[39m: [31mjwt malformed[39m
2026-02-08 14:18:24:1824 [31merror[39m: [31mInvalid token[39m
2026-02-08 14:19:27:1927 [31merror[39m: [31mjwt malformed[39m
2026-02-08 14:19:28:1928 [31merror[39m: [31mInvalid token[39m
2026-02-08 14:19:28:1928 [31merror[39m: [31mjwt malformed[39m
2026-02-08 14:19:28:1928 [31merror[39m: [31mInvalid token[39m
2026-02-08 14:19:29:1929 [31merror[39m: [31mjwt malformed[39m
2026-02-08 14:19:29:1929 [31merror[39m: [31mInvalid token[39m
2026-02-08 14:19:29:1929 [31merror[39m: [31mjwt malformed[39m
2026-02-08 14:19:29:1929 [31merror[39m: [31mInvalid token[39m
2026-02-08 14:20:30:2030 [31merror[39m: [31mjwt malformed[39m
2026-02-08 14:20:30:2030 [31merror[39m: [31mInvalid token[39m
2026-02-08 14:20:31:2031 [31merror[39m: [31mjwt malformed[39m
2026-02-08 14:20:31:2031 [31merror[39m: [31mInvalid token[39m
2026-02-08 14:20:31:2031 [31merror[39m: [31mjwt malformed[39m
2026-02-08 14:20:31:2031 [31merror[39m: [31mInvalid token[39m
2026-02-08 14:20:32:2032 [31merror[39m: [31mjwt malformed[39m
2026-02-08 14:20:32:2032 [31merror[39m: [31mInvalid token[39m
2026-02-08 14:20:32:2032 [31merror[39m: [31mjwt malformed[39m
2026-02-08 14:20:32:2032 [31merror[39m: [31mInvalid token[39m
2026-02-08 18:04:29:429 [31merror[39m: [31mjwt expired[39m
2026-02-08 18:04:29:429 [31merror[39m: [31mInvalid token[39m
2026-02-08 18:04:29:429 [31merror[39m: [31mjwt expired[39m
2026-02-08 18:04:29:429 [31merror[39m: [31mInvalid token[39m
2026-02-08 18:04:30:430 [31merror[39m: [31mjwt expired[39m
2026-02-08 18:04:30:430 [31merror[39m: [31mInvalid token[39m
2026-02-08 18:04:31:431 [31merror[39m: [31mjwt expired[39m
2026-02-08 18:04:31:431 [31merror[39m: [31mInvalid token[39m
2026-02-08 18:04:33:433 [31merror[39m: [31mjwt expired[39m
2026-02-08 18:04:33:433 [31merror[39m: [31mInvalid token[39m
2026-02-08 18:04:37:437 [31merror[39m: [31mjwt expired[39m
2026-02-08 18:04:37:437 [31merror[39m: [31mInvalid token[39m
2026-02-09 09:55:13:5513 [31merror[39m: [31mjwt expired[39m
2026-02-09 09:55:13:5513 [31merror[39m: [31mInvalid token[39m
2026-02-09 09:55:13:5513 [31merror[39m: [31mjwt expired[39m
2026-02-09 09:55:13:5513 [31merror[39m: [31mInvalid token[39m
2026-02-09 09:55:24:5524 [31merror[39m: [31mjwt expired[39m
2026-02-09 09:55:24:5524 [31merror[39m: [31mInvalid token[39m
2026-02-09 09:55:25:5525 [31merror[39m: [31mjwt expired[39m
2026-02-09 09:55:25:5525 [31merror[39m: [31mInvalid token[39m
2026-02-09 09:55:27:5527 [31merror[39m: [31mjwt expired[39m
2026-02-09 09:55:27:5527 [31merror[39m: [31mInvalid token[39m
2026-02-09 09:55:31:5531 [31merror[39m: [31mjwt expired[39m
2026-02-09 09:55:31:5531 [31merror[39m: [31mInvalid token[39m
2026-02-09 18:19:55:1955 [31merror[39m: [31mjwt expired[39m
2026-02-09 18:19:55:1955 [31merror[39m: [31mInvalid token[39m
2026-02-09 18:19:55:1955 [31merror[39m: [31mjwt expired[39m
2026-02-09 18:19:55:1955 [31merror[39m: [31mInvalid token[39m
2026-02-09 18:19:57:1957 [31merror[39m: [31mjwt expired[39m
2026-02-09 18:19:57:1957 [31merror[39m: [31mInvalid token[39m
2026-02-09 18:19:58:1958 [31merror[39m: [31mjwt expired[39m
2026-02-09 18:19:58:1958 [31merror[39m: [31mInvalid token[39m
2026-02-09 18:20:00:200 [31merror[39m: [31mjwt expired[39m
2026-02-09 18:20:00:200 [31merror[39m: [31mInvalid token[39m
2026-02-10 10:42:18:4218 [31merror[39m: [31mjwt expired[39m
2026-02-10 10:42:18:4218 [31merror[39m: [31mInvalid token[39m
2026-02-10 10:42:18:4218 [31merror[39m: [31mjwt expired[39m
2026-02-10 10:42:18:4218 [31merror[39m: [31mInvalid token[39m
2026-02-10 10:42:19:4219 [31merror[39m: [31mjwt expired[39m
2026-02-10 10:42:19:4219 [31merror[39m: [31mInvalid token[39m
2026-02-10 10:42:20:4220 [31merror[39m: [31mjwt expired[39m
2026-02-10 10:42:20:4220 [31merror[39m: [31mInvalid token[39m
2026-02-10 10:42:23:4223 [31merror[39m: [31mjwt expired[39m
2026-02-10 10:42:23:4223 [31merror[39m: [31mInvalid token[39m
2026-02-10 10:42:27:4227 [31merror[39m: [31mjwt expired[39m
2026-02-10 10:42:27:4227 [31merror[39m: [31mInvalid token[39m
2026-02-10 11:54:29:5429 [31merror[39m: [31mjwt expired[39m
2026-02-10 11:54:29:5429 [31merror[39m: [31mInvalid token[39m
2026-02-10 11:54:32:5432 [31merror[39m: [31mjwt expired[39m
2026-02-10 11:54:32:5432 [31merror[39m: [31mInvalid token[39m
2026-02-10 11:54:32:5432 [31merror[39m: [31mjwt expired[39m
2026-02-10 11:54:32:5432 [31merror[39m: [31mInvalid token[39m
2026-02-10 11:54:33:5433 [31merror[39m: [31mjwt expired[39m
2026-02-10 11:54:33:5433 [31merror[39m: [31mInvalid token[39m
2026-02-10 11:54:34:5434 [31merror[39m: [31mjwt expired[39m
2026-02-10 11:54:34:5434 [31merror[39m: [31mInvalid token[39m
2026-02-10 11:54:35:5435 [31merror[39m: [31mjwt expired[39m
2026-02-10 11:54:35:5435 [31merror[39m: [31mInvalid token[39m
2026-02-10 11:54:46:5446 [31merror[39m: [31mjwt expired[39m
2026-02-10 11:54:46:5446 [31merror[39m: [31mInvalid token[39m
2026-02-10 11:54:46:5446 [31merror[39m: [31mjwt expired[39m
2026-02-10 11:54:46:5446 [31merror[39m: [31mInvalid token[39m
2026-02-10 13:33:52:3352 [31merror[39m: [31mjwt expired[39m
2026-02-10 13:33:52:3352 [31merror[39m: [31mInvalid token[39m
2026-02-10 13:33:52:3352 [31merror[39m: [31mjwt expired[39m
2026-02-10 13:33:52:3352 [31merror[39m: [31mInvalid token[39m
2026-02-10 13:33:53:3353 [31merror[39m: [31mjwt expired[39m
2026-02-10 13:33:53:3353 [31merror[39m: [31mInvalid token[39m
2026-02-10 13:33:54:3354 [31merror[39m: [31mjwt expired[39m
2026-02-10 13:33:54:3354 [31merror[39m: [31mInvalid token[39m
2026-02-10 13:33:56:3356 [31merror[39m: [31mjwt expired[39m
2026-02-10 13:33:56:3356 [31merror[39m: [31mInvalid token[39m
2026-02-10 13:34:00:340 [31merror[39m: [31mjwt expired[39m
2026-02-10 13:34:00:340 [31merror[39m: [31mInvalid token[39m
2026-02-10 16:17:29:1729 [31merror[39m: [31mjwt expired[39m
2026-02-10 16:17:29:1729 [31merror[39m: [31mInvalid token[39m
2026-02-10 16:17:29:1729 [31merror[39m: [31mjwt expired[39m
2026-02-10 16:17:29:1729 [31merror[39m: [31mInvalid token[39m
2026-02-10 16:17:31:1731 [31merror[39m: [31mjwt expired[39m
2026-02-10 16:17:31:1731 [31merror[39m: [31mInvalid token[39m
2026-02-10 17:34:48:3448 [31merror[39m: [31mjwt malformed[39m
2026-02-10 17:34:48:3448 [31merror[39m: [31mInvalid token[39m
2026-02-10 17:34:49:3449 [31merror[39m: [31mjwt malformed[39m
2026-02-10 17:34:49:3449 [31merror[39m: [31mInvalid token[39m
2026-02-10 17:34:50:3450 [31merror[39m: [31mjwt malformed[39m
2026-02-10 17:34:50:3450 [31merror[39m: [31mInvalid token[39m
2026-02-10 17:34:50:3450 [31merror[39m: [31mjwt malformed[39m
2026-02-10 17:34:50:3450 [31merror[39m: [31mInvalid token[39m
2026-02-10 17:34:51:3451 [31merror[39m: [31mjwt malformed[39m
2026-02-10 17:34:51:3451 [31merror[39m: [31mInvalid token[39m
2026-02-10 17:59:56:5956 [31merror[39m: [31mjwt malformed[39m
2026-02-10 17:59:56:5956 [31merror[39m: [31mInvalid token[39m
2026-02-10 17:59:57:5957 [31merror[39m: [31mjwt malformed[39m
2026-02-10 17:59:57:5957 [31merror[39m: [31mInvalid token[39m
2026-02-10 17:59:57:5957 [31merror[39m: [31mjwt malformed[39m
2026-02-10 17:59:57:5957 [31merror[39m: [31mInvalid token[39m
2026-02-10 17:59:58:5958 [31merror[39m: [31mjwt malformed[39m
2026-02-10 17:59:58:5958 [31merror[39m: [31mInvalid token[39m
2026-02-10 17:59:59:5959 [31merror[39m: [31mjwt malformed[39m
2026-02-10 17:59:59:5959 [31merror[39m: [31mInvalid token[39m
2026-02-10 18:05:00:50 [31merror[39m: [31mjwt malformed[39m
2026-02-10 18:05:00:50 [31merror[39m: [31mInvalid token[39m
2026-02-10 18:05:00:50 [31merror[39m: [31mjwt malformed[39m
2026-02-10 18:05:00:50 [31merror[39m: [31mInvalid token[39m
2026-02-10 18:05:01:51 [31merror[39m: [31mjwt malformed[39m
2026-02-10 18:05:01:51 [31merror[39m: [31mInvalid token[39m
2026-02-10 18:05:01:51 [31merror[39m: [31mjwt malformed[39m
2026-02-10 18:05:01:51 [31merror[39m: [31mInvalid token[39m
2026-02-10 18:05:02:52 [31merror[39m: [31mjwt malformed[39m
2026-02-10 18:05:02:52 [31merror[39m: [31mInvalid token[39m
2026-02-10 18:05:38:538 [31merror[39m: [31mjwt malformed[39m
2026-02-10 18:05:38:538 [31merror[39m: [31mInvalid token[39m
2026-02-10 18:05:39:539 [31merror[39m: [31mjwt malformed[39m
2026-02-10 18:05:39:539 [31merror[39m: [31mInvalid token[39m
2026-02-10 18:05:40:540 [31merror[39m: [31mjwt malformed[39m
2026-02-10 18:05:40:540 [31merror[39m: [31mInvalid token[39m
2026-02-10 18:05:40:540 [31merror[39m: [31mjwt malformed[39m
2026-02-10 18:05:40:540 [31merror[39m: [31mInvalid token[39m
2026-02-10 18:05:40:540 [31merror[39m: [31mjwt malformed[39m
2026-02-10 18:05:40:540 [31merror[39m: [31mInvalid token[39m
2026-02-10 18:09:50:950 [31merror[39m: [31mjwt malformed[39m
2026-02-10 18:09:50:950 [31merror[39m: [31mInvalid token[39m
2026-02-10 18:09:51:951 [31merror[39m: [31mjwt malformed[39m
2026-02-10 18:09:51:951 [31merror[39m: [31mInvalid token[39m
2026-02-10 18:09:51:951 [31merror[39m: [31mjwt malformed[39m
2026-02-10 18:09:51:951 [31merror[39m: [31mInvalid token[39m
2026-02-10 18:09:52:952 [31merror[39m: [31mjwt malformed[39m
2026-02-10 18:09:52:952 [31merror[39m: [31mInvalid token[39m
2026-02-10 18:09:52:952 [31merror[39m: [31mjwt malformed[39m
2026-02-10 18:09:52:952 [31merror[39m: [31mInvalid token[39m
2026-02-10 18:19:37:1937 [31merror[39m: [31mjwt malformed[39m
2026-02-10 18:19:37:1937 [31merror[39m: [31mInvalid token[39m
2026-02-10 18:19:37:1937 [31merror[39m: [31mjwt malformed[39m
2026-02-10 18:19:37:1937 [31merror[39m: [31mInvalid token[39m
2026-02-10 18:19:37:1937 [31merror[39m: [31mjwt malformed[39m
2026-02-10 18:19:37:1937 [31merror[39m: [31mInvalid token[39m
2026-02-10 18:19:38:1938 [31merror[39m: [31mjwt malformed[39m
2026-02-10 18:19:38:1938 [31merror[39m: [31mInvalid token[39m
2026-02-10 18:19:38:1938 [31merror[39m: [31mjwt malformed[39m
2026-02-10 18:19:38:1938 [31merror[39m: [31mInvalid token[39m
2026-02-10 18:19:48:1948 [31merror[39m: [31mjwt malformed[39m
2026-02-10 18:19:48:1948 [31merror[39m: [31mInvalid token[39m
2026-02-10 18:19:49:1949 [31merror[39m: [31mjwt malformed[39m
2026-02-10 18:19:49:1949 [31merror[39m: [31mInvalid token[39m
2026-02-10 18:19:50:1950 [31merror[39m: [31mjwt malformed[39m
2026-02-10 18:19:50:1950 [31merror[39m: [31mInvalid token[39m
2026-02-10 18:19:50:1950 [31merror[39m: [31mjwt malformed[39m
2026-02-10 18:19:50:1950 [31merror[39m: [31mInvalid token[39m
2026-02-10 18:19:51:1951 [31merror[39m: [31mjwt malformed[39m
2026-02-10 18:19:51:1951 [31merror[39m: [31mInvalid token[39m
2026-02-11 10:42:02:422 [31merror[39m: [31mjwt expired[39m
2026-02-11 10:42:02:422 [31merror[39m: [31mInvalid token[39m
2026-02-11 10:42:02:422 [31merror[39m: [31mjwt expired[39m
2026-02-11 10:42:02:422 [31merror[39m: [31mInvalid token[39m
2026-02-11 10:42:04:424 [31merror[39m: [31mjwt expired[39m
2026-02-11 10:42:04:424 [31merror[39m: [31mInvalid token[39m
2026-02-11 10:42:05:425 [31merror[39m: [31mjwt expired[39m
2026-02-11 10:42:05:425 [31merror[39m: [31mInvalid token[39m
2026-02-11 10:42:07:427 [31merror[39m: [31mjwt expired[39m
2026-02-11 10:42:07:427 [31merror[39m: [31mInvalid token[39m
2026-02-11 18:40:45:4045 [31merror[39m: [31mjwt expired[39m
2026-02-11 18:40:45:4045 [31merror[39m: [31mInvalid token[39m
2026-02-11 18:40:45:4045 [31merror[39m: [31mjwt expired[39m
2026-02-11 18:40:45:4045 [31merror[39m: [31mInvalid token[39m
2026-02-11 18:40:46:4046 [31merror[39m: [31mjwt expired[39m
2026-02-11 18:40:46:4046 [31merror[39m: [31mInvalid token[39m
2026-02-11 18:40:47:4047 [31merror[39m: [31mjwt expired[39m
2026-02-11 18:40:47:4047 [31merror[39m: [31mInvalid token[39m
2026-02-11 18:40:49:4049 [31merror[39m: [31mjwt expired[39m
2026-02-11 18:40:49:4049 [31merror[39m: [31mInvalid token[39m
2026-02-11 18:40:53:4053 [31merror[39m: [31mjwt expired[39m
2026-02-11 18:40:53:4053 [31merror[39m: [31mInvalid token[39m
2026-02-12 14:46:55:4655 [31merror[39m: [31mjwt expired[39m
2026-02-12 14:46:55:4655 [31merror[39m: [31mInvalid token[39m
2026-02-12 14:46:55:4655 [31merror[39m: [31mjwt expired[39m
2026-02-12 14:46:55:4655 [31merror[39m: [31mInvalid token[39m
2026-02-12 14:46:57:4657 [31merror[39m: [31mjwt expired[39m
2026-02-12 14:46:57:4657 [31merror[39m: [31mInvalid token[39m
2026-02-12 14:46:58:4658 [31merror[39m: [31mjwt expired[39m
2026-02-12 14:46:58:4658 [31merror[39m: [31mInvalid token[39m
2026-02-12 14:47:00:470 [31merror[39m: [31mjwt expired[39m
2026-02-12 14:47:00:470 [31merror[39m: [31mInvalid token[39m
2026-02-12 14:47:04:474 [31merror[39m: [31mjwt expired[39m
2026-02-12 14:47:04:474 [31merror[39m: [31mInvalid token[39m
2026-02-12 16:00:20:020 [31merror[39m: [31mjwt expired[39m
2026-02-12 16:00:20:020 [31merror[39m: [31mInvalid token[39m
2026-02-12 16:00:20:020 [31merror[39m: [31mjwt expired[39m
2026-02-12 16:00:20:020 [31merror[39m: [31mInvalid token[39m
2026-02-12 16:00:20:020 [31merror[39m: [31mjwt expired[39m
2026-02-12 16:00:20:020 [31merror[39m: [31mInvalid token[39m
2026-02-12 16:00:21:021 [31merror[39m: [31mjwt expired[39m
2026-02-12 16:00:21:021 [31merror[39m: [31mInvalid token[39m
2026-02-12 16:00:21:021 [31merror[39m: [31mjwt expired[39m
2026-02-12 16:00:21:021 [31merror[39m: [31mInvalid token[39m
2026-02-12 16:00:21:021 [31merror[39m: [31mjwt expired[39m
2026-02-12 16:00:21:021 [31merror[39m: [31mInvalid token[39m
2026-02-12 16:00:23:023 [31merror[39m: [31mjwt expired[39m
2026-02-12 16:00:23:023 [31merror[39m: [31mInvalid token[39m
2026-02-12 16:00:23:023 [31merror[39m: [31mjwt expired[39m
2026-02-12 16:00:23:023 [31merror[39m: [31mInvalid token[39m
2026-02-12 16:00:23:023 [31merror[39m: [31mjwt expired[39m
2026-02-12 16:00:23:023 [31merror[39m: [31mInvalid token[39m
2026-02-12 16:02:28:228 [31merror[39m: [31mjwt expired[39m
2026-02-12 16:02:28:228 [31merror[39m: [31mInvalid token[39m
2026-02-12 16:02:28:228 [31merror[39m: [31mjwt expired[39m
2026-02-12 16:02:28:228 [31merror[39m: [31mInvalid token[39m
2026-02-12 16:02:28:228 [31merror[39m: [31mjwt expired[39m
2026-02-12 16:02:28:228 [31merror[39m: [31mInvalid token[39m
2026-02-12 19:15:38:1538 [31merror[39m: [31mjwt expired[39m
2026-02-12 19:15:38:1538 [31merror[39m: [31mInvalid token[39m
2026-02-12 19:15:38:1538 [31merror[39m: [31mjwt expired[39m
2026-02-12 19:15:38:1538 [31merror[39m: [31mInvalid token[39m
2026-02-12 19:15:39:1539 [31merror[39m: [31mjwt expired[39m
2026-02-12 19:15:39:1539 [31merror[39m: [31mInvalid token[39m
2026-02-12 19:15:39:1539 [31merror[39m: [31mjwt expired[39m
2026-02-12 19:15:39:1539 [31merror[39m: [31mInvalid token[39m
2026-02-12 19:15:41:1541 [31merror[39m: [31mjwt expired[39m
2026-02-12 19:15:41:1541 [31merror[39m: [31mInvalid token[39m
2026-02-12 19:15:41:1541 [31merror[39m: [31mjwt expired[39m
2026-02-12 19:15:41:1541 [31merror[39m: [31mInvalid token[39m
2026-02-12 19:15:45:1545 [31merror[39m: [31mjwt expired[39m
2026-02-12 19:15:45:1545 [31merror[39m: [31mInvalid token[39m
2026-02-12 19:15:45:1545 [31merror[39m: [31mjwt expired[39m
2026-02-12 19:15:45:1545 [31merror[39m: [31mInvalid token[39m
2026-02-13 10:32:05:325 [31merror[39m: [31mjwt expired[39m
2026-02-13 10:32:05:325 [31merror[39m: [31mInvalid token[39m
2026-02-13 10:32:05:325 [31merror[39m: [31mjwt expired[39m
2026-02-13 10:32:05:325 [31merror[39m: [31mInvalid token[39m
2026-02-13 10:32:07:327 [31merror[39m: [31mjwt expired[39m
2026-02-13 10:32:07:327 [31merror[39m: [31mInvalid token[39m
2026-02-13 10:32:08:328 [31merror[39m: [31mjwt expired[39m
2026-02-13 10:32:08:328 [31merror[39m: [31mInvalid token[39m
2026-02-13 10:32:10:3210 [31merror[39m: [31mjwt expired[39m
2026-02-13 10:32:10:3210 [31merror[39m: [31mInvalid token[39m
2026-02-13 11:44:41:4441 [31merror[39m: [31mjwt expired[39m
2026-02-13 11:44:41:4441 [31merror[39m: [31mInvalid token[39m
2026-02-13 11:44:41:4441 [31merror[39m: [31mjwt expired[39m
2026-02-13 11:44:41:4441 [31merror[39m: [31mInvalid token[39m
2026-02-13 11:44:42:4442 [31merror[39m: [31mjwt expired[39m
2026-02-13 11:44:42:4442 [31merror[39m: [31mInvalid token[39m
2026-02-13 11:44:42:4442 [31merror[39m: [31mjwt expired[39m
2026-02-13 11:44:42:4442 [31merror[39m: [31mInvalid token[39m
2026-02-13 11:44:46:4446 [31merror[39m: [31mjwt expired[39m
2026-02-13 11:44:46:4446 [31merror[39m: [31mInvalid token[39m
2026-02-13 11:44:46:4446 [31merror[39m: [31mjwt expired[39m
2026-02-13 11:44:46:4446 [31merror[39m: [31mInvalid token[39m
2026-02-13 11:44:55:4455 [31merror[39m: [31mjwt expired[39m
2026-02-13 11:44:55:4455 [31merror[39m: [31mInvalid token[39m
2026-02-13 11:44:55:4455 [31merror[39m: [31mjwt expired[39m
2026-02-13 11:44:55:4455 [31merror[39m: [31mInvalid token[39m
2026-02-13 14:39:37:3937 [31merror[39m: [31mjwt expired[39m
2026-02-13 14:39:37:3937 [31merror[39m: [31mInvalid token[39m
2026-02-13 14:39:38:3938 [31merror[39m: [31mjwt expired[39m
2026-02-13 14:39:38:3938 [31merror[39m: [31mInvalid token[39m
2026-02-13 14:39:40:3940 [31merror[39m: [31mjwt expired[39m
2026-02-13 14:39:40:3940 [31merror[39m: [31mInvalid token[39m
2026-02-13 14:39:44:3944 [31merror[39m: [31mjwt expired[39m
2026-02-13 14:39:44:3944 [31merror[39m: [31mInvalid token[39m
2026-02-14 11:02:31:231 [31merror[39m: [31mjwt expired[39m
2026-02-14 11:02:31:231 [31merror[39m: [31mInvalid token[39m
2026-02-14 11:02:31:231 [31merror[39m: [31mjwt expired[39m
2026-02-14 11:02:31:231 [31merror[39m: [31mInvalid token[39m
2026-02-14 11:02:32:232 [31merror[39m: [31mjwt expired[39m
2026-02-14 11:02:32:232 [31merror[39m: [31mInvalid token[39m
2026-02-14 11:02:33:233 [31merror[39m: [31mjwt expired[39m
2026-02-14 11:02:33:233 [31merror[39m: [31mInvalid token[39m
2026-02-14 11:02:35:235 [31merror[39m: [31mjwt expired[39m
2026-02-14 11:02:35:235 [31merror[39m: [31mInvalid token[39m
2026-02-14 18:49:08:498 [31merror[39m: [31mjwt expired[39m
2026-02-14 18:49:08:498 [31merror[39m: [31mInvalid token[39m
2026-02-14 18:49:08:498 [31merror[39m: [31mjwt expired[39m
2026-02-14 18:49:08:498 [31merror[39m: [31mInvalid token[39m
2026-02-14 18:51:13:5113 [31merror[39m: [31mjwt expired[39m
2026-02-14 18:51:13:5113 [31merror[39m: [31mInvalid token[39m
2026-02-14 18:51:14:5114 [31merror[39m: [31mjwt expired[39m
2026-02-14 18:51:14:5114 [31merror[39m: [31mInvalid token[39m
2026-02-14 18:51:16:5116 [31merror[39m: [31mjwt expired[39m
2026-02-14 18:51:16:5116 [31merror[39m: [31mInvalid token[39m
2026-02-14 18:51:20:5120 [31merror[39m: [31mjwt expired[39m
2026-02-14 18:51:20:5120 [31merror[39m: [31mInvalid token[39m
